--------------------------------------------------
------- args: lmdbg-run --help
XXX
--------------------------------------------------
------- args: lmdbg-sym --help
XXX
--------------------------------------------------
------- args: lmdbg-check --help
XXX
--------------------------------------------------
------- args: lmdbg-leak-check --help
XXX
--------------------------------------------------
------- args: lmdbg-run -h
XXX
--------------------------------------------------
------- args: lmdbg-sym -h
XXX
--------------------------------------------------
------- args: lmdbg-check -h
XXX
--------------------------------------------------
------- args: lmdbg-leak-check -h
XXX
--------------------------------------------------
------- args: lmdbg-run --version
XXX
--------------------------------------------------
------- args: lmdbg-sym --version
XXX
--------------------------------------------------
------- args: lmdbg-check --version
XXX
--------------------------------------------------
------- args: lmdbg-leak-check --version
XXX
--------------------------------------------------
------- args: lmdbg-run -V
XXX
--------------------------------------------------
------- args: lmdbg-sym -V
XXX
--------------------------------------------------
------- args: lmdbg-check -V
XXX
--------------------------------------------------
------- args: lmdbg-leak-check -V
XXX
--------------------------------------------------
------- args: lmdbg-run -o ../_log ../_test1
malloc ( 555 ) -> 0xF00DBEAF
realloc ( NULL , 666 ) --> 0xF00DBEAF
realloc ( 0xF00DBEAF , 777 ) --> 0xF00DBEAF
realloc ( 0xF00DBEAF , 888 ) --> 0xF00DBEAF
free ( 0xF00DBEAF )
--------------------------------------------------
------- args: lmdbg-run --log ../_log ../_test1
malloc ( 555 ) -> 0xF00DBEAF
realloc ( NULL , 666 ) --> 0xF00DBEAF
realloc ( 0xF00DBEAF , 777 ) --> 0xF00DBEAF
realloc ( 0xF00DBEAF , 888 ) --> 0xF00DBEAF
free ( 0xF00DBEAF )
